src/services/authService.ts(16,67): error TS2339: Property 'password' does not exist on type 'User'.
src/services/orderService.ts(19,15): error TS2339: Property 'user_id' does not exist on type 'Order'.
src/services/orderService.ts(36,53): error TS2345: Argument of type '"pending" | "processing" | "shipped" | "delivered" | "cancelled"' is not assignable to parameter of type 'OrderStatus'.
  Type '"pending"' is not assignable to type 'OrderStatus'. Did you mean '"PENDING"'?
src/services/paymentService.ts(17,15): error TS2339: Property 'user_id' does not exist on type 'Order'.
src/services/paymentService.ts(26,7): error TS2353: Object literal may only specify known properties, and 'method' does not exist in type 'PaymentInput'.
src/services/paymentService.ts(38,24): error TS2339: Property 'updateRazorpayOrderId' does not exist on type 'typeof PaymentModel'.
src/services/paymentService.ts(52,95): error TS2339: Property 'payment_reference' does not exist on type 'Payment'.
src/services/paymentService.ts(57,26): error TS2339: Property 'payment_reference' does not exist on type 'Payment'.
src/services/paymentService.ts(98,65): error TS2345: Argument of type '"completed"' is not assignable to parameter of type 'PaymentStatus'.
src/services/paymentService.ts(105,53): error TS2345: Argument of type '"processing"' is not assignable to parameter of type 'OrderStatus'.
src/services/paymentService.ts(116,15): error TS2339: Property 'user_id' does not exist on type 'Order'.
src/services/productService.ts(78,50): error TS2339: Property 'category' does not exist on type 'Product'.
